// Jest Snapshot v1, https://goo.gl/fbAQLP

exports[`<ProfilesGrid /> should renders the component 1`] = `
.c0 {
  max-width: 1400px;
  margin: 0 auto;
  padding-bottom: 40px;
}

.c1 {
  padding: 30px 25px;
  display: -webkit-box;
  display: -webkit-flex;
  display: -ms-flexbox;
  display: flex;
  -webkit-flex-wrap: wrap;
  -ms-flex-wrap: wrap;
  flex-wrap: wrap;
  -webkit-box-pack: center;
  -webkit-justify-content: center;
  -ms-flex-pack: center;
  justify-content: center;
}

<div
  class="c0"
  data-testid="profiles-grid"
>
  <div
    class="c1"
  />
</div>
`;
